// Jest Snapshot v1, https://goo.gl/fbAQLP

exports[`SearchPage feature should render properly 1`] = `
<DocumentFragment>
  <div
    class="app-search-page content"
  >
    <header
      class="header"
    >
      <div
        class="header-container container"
      >
        <span
          class="title"
        >
          MovieSearchApp
        </span>
        <a
          class="app-button"
          data-testid="header-button"
        >
          ADD MOVIE
        </a>
        <div
          class="app-modal-container"
          data-testid="modal-container"
        >
          <div
            class="app-modal"
          >
            <div
              class="app-movie-form-container"
              data-testid="add-movie-form-container"
            >
              <h5
                class="app-movie-form-header"
              >
                ADD MOVIE
              </h5>
              <form
                action="#"
              >
                <i
                  class="app-close-icon fas fa-times topRight"
                  data-testid="add-movie-form-close-icon"
                />
                <div
                  class="app-form-field"
                >
                  <label
                    class="app-form-field-label"
                  >
                    Title
                  </label>
                  <input
                    aria-label="title"
                    autocomplete="off"
                    class="app-input-box"
                    name="title"
                    placeholder="Title"
                    type="text"
                    value=""
                  />
                </div>
                <div
                  class="app-form-field"
                >
                  <label
                    class="app-form-field-label"
                  >
                    Release date
                  </label>
                  <input
                    aria-label="release-date"
                    autocomplete="off"
                    class="app-input-box"
                    name="release_date"
                    type="date"
                    value=""
                  />
                </div>
                <div
                  class="app-form-field"
                >
                  <label
                    class="app-form-field-label"
                  >
                    Movie URL
                  </label>
                  <input
                    aria-label="movie-url"
                    autocomplete="off"
                    class="app-input-box"
                    name="poster_path"
                    placeholder="Movie Poster URL"
                    type="url"
                    value=""
                  />
                </div>
                <div
                  class="app-form-field"
                >
                  <label
                    class="app-form-field-label"
                  >
                    Genre
                  </label>
                  <input
                    aria-label="genre"
                    autocomplete="off"
                    class="app-input-box"
                    name="genres"
                    placeholder="Genge"
                    type="text"
                    value=""
                  />
                </div>
                <div
                  class="app-small-modal-container"
                  data-testid="genres-form-field-small-modal"
                >
                  <div
                    class="app-small-modal"
                  >
                    <div
                      class="genres-form-field-modal-title"
                    >
                      CHOOSE GENRES
                    </div>
                    <i
                      class="app-close-icon fas fa-times topRight"
                    />
                    <div
                      class="app-checkbox-form-field"
                    >
                      <label
                        class="label"
                        for="Action"
                      >
                        Action
                        <input
                          aria-label="Action"
                          class="checkbox"
                          name="Action"
                          type="checkbox"
                        />
                        <span
                          class="checkmark"
                        />
                      </label>
                    </div>
                    <div
                      class="app-checkbox-form-field"
                    >
                      <label
                        class="label"
                        for="Adventure"
                      >
                        Adventure
                        <input
                          aria-label="Adventure"
                          class="checkbox"
                          name="Adventure"
                          type="checkbox"
                        />
                        <span
                          class="checkmark"
                        />
                      </label>
                    </div>
                    <div
                      class="app-checkbox-form-field"
                    >
                      <label
                        class="label"
                        for="Animation"
                      >
                        Animation
                        <input
                          aria-label="Animation"
                          class="checkbox"
                          name="Animation"
                          type="checkbox"
                        />
                        <span
                          class="checkmark"
                        />
                      </label>
                    </div>
                    <div
                      class="app-checkbox-form-field"
                    >
                      <label
                        class="label"
                        for="Comedy"
                      >
                        Comedy
                        <input
                          aria-label="Comedy"
                          class="checkbox"
                          name="Comedy"
                          type="checkbox"
                        />
                        <span
                          class="checkmark"
                        />
                      </label>
                    </div>
                    <div
                      class="app-checkbox-form-field"
                    >
                      <label
                        class="label"
                        for="Crime"
                      >
                        Crime
                        <input
                          aria-label="Crime"
                          class="checkbox"
                          name="Crime"
                          type="checkbox"
                        />
                        <span
                          class="checkmark"
                        />
                      </label>
                    </div>
                    <div
                      class="app-checkbox-form-field"
                    >
                      <label
                        class="label"
                        for="Disaster"
                      >
                        Disaster
                        <input
                          aria-label="Disaster"
                          class="checkbox"
                          name="Disaster"
                          type="checkbox"
                        />
                        <span
                          class="checkmark"
                        />
                      </label>
                    </div>
                    <div
                      class="app-checkbox-form-field"
                    >
                      <label
                        class="label"
                        for="Documentary"
                      >
                        Documentary
                        <input
                          aria-label="Documentary"
                          class="checkbox"
                          name="Documentary"
                          type="checkbox"
                        />
                        <span
                          class="checkmark"
                        />
                      </label>
                    </div>
                    <div
                      class="app-checkbox-form-field"
                    >
                      <label
                        class="label"
                        for="Drama"
                      >
                        Drama
                        <input
                          aria-label="Drama"
                          class="checkbox"
                          name="Drama"
                          type="checkbox"
                        />
                        <span
                          class="checkmark"
                        />
                      </label>
                    </div>
                    <div
                      class="app-checkbox-form-field"
                    >
                      <label
                        class="label"
                        for="Fantasy"
                      >
                        Fantasy
                        <input
                          aria-label="Fantasy"
                          class="checkbox"
                          name="Fantasy"
                          type="checkbox"
                        />
                        <span
                          class="checkmark"
                        />
                      </label>
                    </div>
                    <div
                      class="app-checkbox-form-field"
                    >
                      <label
                        class="label"
                        for="Family"
                      >
                        Family
                        <input
                          aria-label="Family"
                          class="checkbox"
                          name="Family"
                          type="checkbox"
                        />
                        <span
                          class="checkmark"
                        />
                      </label>
                    </div>
                    <div
                      class="app-checkbox-form-field"
                    >
                      <label
                        class="label"
                        for="History"
                      >
                        History
                        <input
                          aria-label="History"
                          class="checkbox"
                          name="History"
                          type="checkbox"
                        />
                        <span
                          class="checkmark"
                        />
                      </label>
                    </div>
                    <div
                      class="app-checkbox-form-field"
                    >
                      <label
                        class="label"
                        for="Horror"
                      >
                        Horror
                        <input
                          aria-label="Horror"
                          class="checkbox"
                          name="Horror"
                          type="checkbox"
                        />
                        <span
                          class="checkmark"
                        />
                      </label>
                    </div>
                    <div
                      class="app-checkbox-form-field"
                    >
                      <label
                        class="label"
                        for="Music"
                      >
                        Music
                        <input
                          aria-label="Music"
                          class="checkbox"
                          name="Music"
                          type="checkbox"
                        />
                        <span
                          class="checkmark"
                        />
                      </label>
                    </div>
                    <div
                      class="app-checkbox-form-field"
                    >
                      <label
                        class="label"
                        for="Mystery"
                      >
                        Mystery
                        <input
                          aria-label="Mystery"
                          class="checkbox"
                          name="Mystery"
                          type="checkbox"
                        />
                        <span
                          class="checkmark"
                        />
                      </label>
                    </div>
                    <div
                      class="app-checkbox-form-field"
                    >
                      <label
                        class="label"
                        for="Psychological"
                      >
                        Psychological
                        <input
                          aria-label="Psychological"
                          class="checkbox"
                          name="Psychological"
                          type="checkbox"
                        />
                        <span
                          class="checkmark"
                        />
                      </label>
                    </div>
                    <div
                      class="app-checkbox-form-field"
                    >
                      <label
                        class="label"
                        for="Romance"
                      >
                        Romance
                        <input
                          aria-label="Romance"
                          class="checkbox"
                          name="Romance"
                          type="checkbox"
                        />
                        <span
                          class="checkmark"
                        />
                      </label>
                    </div>
                    <div
                      class="app-checkbox-form-field"
                    >
                      <label
                        class="label"
                        for="Satire"
                      >
                        Satire
                        <input
                          aria-label="Satire"
                          class="checkbox"
                          name="Satire"
                          type="checkbox"
                        />
                        <span
                          class="checkmark"
                        />
                      </label>
                    </div>
                    <div
                      class="app-checkbox-form-field"
                    >
                      <label
                        class="label"
                        for="Science Fiction"
                      >
                        Science Fiction
                        <input
                          aria-label="Science Fiction"
                          class="checkbox"
                          name="Science Fiction"
                          type="checkbox"
                        />
                        <span
                          class="checkmark"
                        />
                      </label>
                    </div>
                    <div
                      class="app-checkbox-form-field"
                    >
                      <label
                        class="label"
                        for="Thriller"
                      >
                        Thriller
                        <input
                          aria-label="Thriller"
                          class="checkbox"
                          name="Thriller"
                          type="checkbox"
                        />
                        <span
                          class="checkmark"
                        />
                      </label>
                    </div>
                    <div
                      class="app-checkbox-form-field"
                    >
                      <label
                        class="label"
                        for="War"
                      >
                        War
                        <input
                          aria-label="War"
                          class="checkbox"
                          name="War"
                          type="checkbox"
                        />
                        <span
                          class="checkmark"
                        />
                      </label>
                    </div>
                    <div
                      class="app-checkbox-form-field"
                    >
                      <label
                        class="label"
                        for="Western"
                      >
                        Western
                        <input
                          aria-label="Western"
                          class="checkbox"
                          name="Western"
                          type="checkbox"
                        />
                        <span
                          class="checkmark"
                        />
                      </label>
                    </div>
                  </div>
                </div>
                <div
                  class="app-textarea-form-field"
                >
                  <label
                    class="app-textarea-form-field-label"
                  >
                    Overview
                  </label>
                  <textarea
                    aria-label="overview"
                    autocomplete="off"
                    class="app-textarea no-resize"
                    name="overview"
                    placeholder="Overview"
                    rows="4"
                  />
                </div>
                <div
                  class="app-form-field"
                >
                  <label
                    class="app-form-field-label"
                  >
                    Runtime
                  </label>
                  <input
                    aria-label="runtime"
                    autocomplete="off"
                    class="app-input-box"
                    name="runtime"
                    placeholder="Runtime"
                    type="text"
                    value=""
                  />
                </div>
                <div
                  class="form-actions-container"
                >
                  <a
                    aria-label="reset"
                    class="app-button"
                  >
                    RESET
                  </a>
                  <a
                    aria-label="submit"
                    class="app-button"
                  >
                    SUBMIT
                  </a>
                </div>
              </form>
            </div>
          </div>
        </div>
      </div>
    </header>
    <main
      class="main"
    >
      <div
        class="search-box-container container"
      >
        <div
          class="search-header"
        >
          <h1
            class="title"
          >
            FIND YOUR MOVIE
          </h1>
        </div>
        <div
          class="search-container"
        >
          <input
            autocomplete="off"
            class="app-input-box"
            placeholder="What do you want to watch?"
            type="text"
            value=""
          />
          <a
            class="app-button"
          >
            SEARCH
          </a>
        </div>
      </div>
      <div
        class="container"
      >
        <div
          class="filters-container"
          data-testid="filters-container"
        >
          <ul
            class="app-tabs"
          >
            <li
              class="app-tab active"
            >
              all
            </li>
            <li
              class="app-tab"
            >
              comedy
            </li>
            <li
              class="app-tab"
            >
              crime
            </li>
            <li
              class="app-tab"
            >
              documentary
            </li>
            <li
              class="app-tab"
            >
              horror
            </li>
          </ul>
          <div
            class="dropdown-container"
          >
            <span
              class="label"
            >
              SORT BY
            </span>
            <div
              class="dropdown-menu"
            >
              <a
                class="app-button"
                data-testid="filters-dropdown-button"
              >
                release date
              </a>
              <ul
                class="app-dropdown"
                data-testid="filters-dropdown"
              >
                <li
                  class="app-dropdown-item"
                  data-testid="dropdown-item"
                >
                  rating
                </li>
                <li
                  class="app-dropdown-item"
                  data-testid="dropdown-item"
                >
                  release date
                </li>
              </ul>
            </div>
          </div>
        </div>
        <div
          class="movies-count-box"
        >
          <span
            class="movies-count"
          >
            8
          </span>
           movies found
        </div>
        <section
          class="search-results-container"
          data-testid="search-results-container"
        >
          <div
            class="app-card"
          >
            <div
              class="image-container"
            >
              <a
                class="card-media-link"
                href="/movie/337167"
              >
                <img
                  alt="Fifty Shades Freed"
                  class="app-card-media"
                  draggable="false"
                  src="https://image.tmdb.org/t/p/w500/3kcEGnYBHDeqmdYf8ZRbKdfmlUy.jpg"
                />
              </a>
              <div
                class="app-show-more-button"
                data-testid="show-more-btn"
              >
                <i
                  class="fas fa-ellipsis-v"
                />
              </div>
              <ul
                class="app-dropdown"
                data-testid="movie-card-dropdown"
              >
                <li
                  class="app-dropdown-item"
                  data-testid="dropdown-item"
                >
                  Edit
                </li>
                <li
                  class="app-dropdown-item"
                  data-testid="dropdown-item"
                >
                  Delete
                </li>
              </ul>
            </div>
            <h2
              class="title text-truncate"
            >
              Fifty Shades Freed
            </h2>
            <div
              class="description text-truncate"
            >
              Drama, Romance
            </div>
            <div
              class="release text-truncate"
            >
              2017
              <i
                class="rating-icon fas fa-star"
              />
              <span
                class="rating-value"
              >
                7.3/10
              </span>
            </div>
          </div>
          <div
            class="app-modal-container"
            data-testid="modal-container"
          >
            <div
              class="app-modal"
            >
              <div
                class="app-dual-ring-spinner"
              />
            </div>
          </div>
          <div
            class="app-small-modal-container"
            data-testid="movie-card-small-modal"
          >
            <div
              class="app-small-modal"
            >
              <div
                class="delete-movie-form-container"
              >
                <h5
                  class="delete-movie-form-header"
                >
                  DELETE MOVIE
                </h5>
                <i
                  class="app-close-icon fas fa-times topRight"
                  data-testid="delete-movie-form-close-icon"
                />
                <div
                  class="delete-movie-form-text"
                >
                  Are you sure you want to delete this movie?
                </div>
              </div>
              <div
                class="delete-movie-form-actions-container"
              >
                <a
                  class="app-button"
                  data-testid="delete-movie-confirm-button"
                >
                  CONFIRM
                </a>
              </div>
            </div>
          </div>
          <div
            class="app-card"
          >
            <div
              class="image-container"
            >
              <a
                class="card-media-link"
                href="/movie/181808"
              >
                <img
                  alt="Star Wars: The Last Jedi"
                  class="app-card-media"
                  draggable="false"
                  src="https://image.tmdb.org/t/p/w500/kOVEVeg59E0wsnXmF9nrh6OmWII.jpg"
                />
              </a>
              <div
                class="app-show-more-button"
                data-testid="show-more-btn"
              >
                <i
                  class="fas fa-ellipsis-v"
                />
              </div>
              <ul
                class="app-dropdown"
                data-testid="movie-card-dropdown"
              >
                <li
                  class="app-dropdown-item"
                  data-testid="dropdown-item"
                >
                  Edit
                </li>
                <li
                  class="app-dropdown-item"
                  data-testid="dropdown-item"
                >
                  Delete
                </li>
              </ul>
            </div>
            <h2
              class="title text-truncate"
            >
              Star Wars: The Last Jedi
            </h2>
            <div
              class="description text-truncate"
            >
              Adventure, Fantasy, Science Fiction
            </div>
            <div
              class="release text-truncate"
            >
              2017
              <i
                class="rating-icon fas fa-star"
              />
              <span
                class="rating-value"
              >
                7.3/10
              </span>
            </div>
          </div>
          <div
            class="app-modal-container"
            data-testid="modal-container"
          >
            <div
              class="app-modal"
            >
              <div
                class="app-dual-ring-spinner"
              />
            </div>
          </div>
          <div
            class="app-small-modal-container"
            data-testid="movie-card-small-modal"
          >
            <div
              class="app-small-modal"
            >
              <div
                class="delete-movie-form-container"
              >
                <h5
                  class="delete-movie-form-header"
                >
                  DELETE MOVIE
                </h5>
                <i
                  class="app-close-icon fas fa-times topRight"
                  data-testid="delete-movie-form-close-icon"
                />
                <div
                  class="delete-movie-form-text"
                >
                  Are you sure you want to delete this movie?
                </div>
              </div>
              <div
                class="delete-movie-form-actions-container"
              >
                <a
                  class="app-button"
                  data-testid="delete-movie-confirm-button"
                >
                  CONFIRM
                </a>
              </div>
            </div>
          </div>
          <div
            class="app-card"
          >
            <div
              class="image-container"
            >
              <a
                class="card-media-link"
                href="/movie/284054"
              >
                <img
                  alt="Black Panther"
                  class="app-card-media"
                  draggable="false"
                  src="https://image.tmdb.org/t/p/w500/uxzzxijgPIY7slzFvMotPv8wjKA.jpg"
                />
              </a>
              <div
                class="app-show-more-button"
                data-testid="show-more-btn"
              >
                <i
                  class="fas fa-ellipsis-v"
                />
              </div>
              <ul
                class="app-dropdown"
                data-testid="movie-card-dropdown"
              >
                <li
                  class="app-dropdown-item"
                  data-testid="dropdown-item"
                >
                  Edit
                </li>
                <li
                  class="app-dropdown-item"
                  data-testid="dropdown-item"
                >
                  Delete
                </li>
              </ul>
            </div>
            <h2
              class="title text-truncate"
            >
              Black Panther
            </h2>
            <div
              class="description text-truncate"
            >
              Action, Adventure, Fantasy, Science Fiction
            </div>
            <div
              class="release text-truncate"
            >
              2017
              <i
                class="rating-icon fas fa-star"
              />
              <span
                class="rating-value"
              >
                7.3/10
              </span>
            </div>
          </div>
          <div
            class="app-modal-container"
            data-testid="modal-container"
          >
            <div
              class="app-modal"
            >
              <div
                class="app-dual-ring-spinner"
              />
            </div>
          </div>
          <div
            class="app-small-modal-container"
            data-testid="movie-card-small-modal"
          >
            <div
              class="app-small-modal"
            >
              <div
                class="delete-movie-form-container"
              >
                <h5
                  class="delete-movie-form-header"
                >
                  DELETE MOVIE
                </h5>
                <i
                  class="app-close-icon fas fa-times topRight"
                  data-testid="delete-movie-form-close-icon"
                />
                <div
                  class="delete-movie-form-text"
                >
                  Are you sure you want to delete this movie?
                </div>
              </div>
              <div
                class="delete-movie-form-actions-container"
              >
                <a
                  class="app-button"
                  data-testid="delete-movie-confirm-button"
                >
                  CONFIRM
                </a>
              </div>
            </div>
          </div>
          <div
            class="app-card"
          >
            <div
              class="image-container"
            >
              <a
                class="card-media-link"
                href="/movie/354912"
              >
                <img
                  alt="Coco"
                  class="app-card-media"
                  draggable="false"
                  src="https://image.tmdb.org/t/p/w500/eKi8dIrr8voobbaGzDpe8w0PVbC.jpg"
                />
              </a>
              <div
                class="app-show-more-button"
                data-testid="show-more-btn"
              >
                <i
                  class="fas fa-ellipsis-v"
                />
              </div>
              <ul
                class="app-dropdown"
                data-testid="movie-card-dropdown"
              >
                <li
                  class="app-dropdown-item"
                  data-testid="dropdown-item"
                >
                  Edit
                </li>
                <li
                  class="app-dropdown-item"
                  data-testid="dropdown-item"
                >
                  Delete
                </li>
              </ul>
            </div>
            <h2
              class="title text-truncate"
            >
              Coco
            </h2>
            <div
              class="description text-truncate"
            >
              Adventure, Animation, Comedy, Family
            </div>
            <div
              class="release text-truncate"
            >
              2017
              <i
                class="rating-icon fas fa-star"
              />
              <span
                class="rating-value"
              >
                0/10
              </span>
            </div>
          </div>
          <div
            class="app-modal-container"
            data-testid="modal-container"
          >
            <div
              class="app-modal"
            >
              <div
                class="app-dual-ring-spinner"
              />
            </div>
          </div>
          <div
            class="app-small-modal-container"
            data-testid="movie-card-small-modal"
          >
            <div
              class="app-small-modal"
            >
              <div
                class="delete-movie-form-container"
              >
                <h5
                  class="delete-movie-form-header"
                >
                  DELETE MOVIE
                </h5>
                <i
                  class="app-close-icon fas fa-times topRight"
                  data-testid="delete-movie-form-close-icon"
                />
                <div
                  class="delete-movie-form-text"
                >
                  Are you sure you want to delete this movie?
                </div>
              </div>
              <div
                class="delete-movie-form-actions-container"
              >
                <a
                  class="app-button"
                  data-testid="delete-movie-confirm-button"
                >
                  CONFIRM
                </a>
              </div>
            </div>
          </div>
          <div
            class="app-card"
          >
            <div
              class="image-container"
            >
              <a
                class="card-media-link"
                href="/movie/333339"
              >
                <img
                  alt="Ready Player One"
                  class="app-card-media"
                  draggable="false"
                  src="https://image.tmdb.org/t/p/w500/pU1ULUq8D3iRxl1fdX2lZIzdHuI.jpg"
                />
              </a>
              <div
                class="app-show-more-button"
                data-testid="show-more-btn"
              >
                <i
                  class="fas fa-ellipsis-v"
                />
              </div>
              <ul
                class="app-dropdown"
                data-testid="movie-card-dropdown"
              >
                <li
                  class="app-dropdown-item"
                  data-testid="dropdown-item"
                >
                  Edit
                </li>
                <li
                  class="app-dropdown-item"
                  data-testid="dropdown-item"
                >
                  Delete
                </li>
              </ul>
            </div>
            <h2
              class="title text-truncate"
            >
              Ready Player One
            </h2>
            <div
              class="description text-truncate"
            >
              Action, Adventure, Science Fiction
            </div>
            <div
              class="release text-truncate"
            >
              2017
              <i
                class="rating-icon fas fa-star"
              />
              <span
                class="rating-value"
              >
                7.3/10
              </span>
            </div>
          </div>
          <div
            class="app-modal-container"
            data-testid="modal-container"
          >
            <div
              class="app-modal"
            >
              <div
                class="app-dual-ring-spinner"
              />
            </div>
          </div>
          <div
            class="app-small-modal-container"
            data-testid="movie-card-small-modal"
          >
            <div
              class="app-small-modal"
            >
              <div
                class="delete-movie-form-container"
              >
                <h5
                  class="delete-movie-form-header"
                >
                  DELETE MOVIE
                </h5>
                <i
                  class="app-close-icon fas fa-times topRight"
                  data-testid="delete-movie-form-close-icon"
                />
                <div
                  class="delete-movie-form-text"
                >
                  Are you sure you want to delete this movie?
                </div>
              </div>
              <div
                class="delete-movie-form-actions-container"
              >
                <a
                  class="app-button"
                  data-testid="delete-movie-confirm-button"
                >
                  CONFIRM
                </a>
              </div>
            </div>
          </div>
          <div
            class="app-card"
          >
            <div
              class="image-container"
            >
              <a
                class="card-media-link"
                href="/movie/338970"
              >
                <img
                  alt="Tomb Raider"
                  class="app-card-media"
                  draggable="false"
                  src="https://image.tmdb.org/t/p/w500/ePyN2nX9t8SOl70eRW47Q29zUFO.jpg"
                />
              </a>
              <div
                class="app-show-more-button"
                data-testid="show-more-btn"
              >
                <i
                  class="fas fa-ellipsis-v"
                />
              </div>
              <ul
                class="app-dropdown"
                data-testid="movie-card-dropdown"
              >
                <li
                  class="app-dropdown-item"
                  data-testid="dropdown-item"
                >
                  Edit
                </li>
                <li
                  class="app-dropdown-item"
                  data-testid="dropdown-item"
                >
                  Delete
                </li>
              </ul>
            </div>
            <h2
              class="title text-truncate"
            >
              Tomb Raider
            </h2>
            <div
              class="description text-truncate"
            >
              Action, Adventure
            </div>
            <div
              class="release text-truncate"
            >
              2017
              <i
                class="rating-icon fas fa-star"
              />
              <span
                class="rating-value"
              >
                7.3/10
              </span>
            </div>
          </div>
          <div
            class="app-modal-container"
            data-testid="modal-container"
          >
            <div
              class="app-modal"
            >
              <div
                class="app-dual-ring-spinner"
              />
            </div>
          </div>
          <div
            class="app-small-modal-container"
            data-testid="movie-card-small-modal"
          >
            <div
              class="app-small-modal"
            >
              <div
                class="delete-movie-form-container"
              >
                <h5
                  class="delete-movie-form-header"
                >
                  DELETE MOVIE
                </h5>
                <i
                  class="app-close-icon fas fa-times topRight"
                  data-testid="delete-movie-form-close-icon"
                />
                <div
                  class="delete-movie-form-text"
                >
                  Are you sure you want to delete this movie?
                </div>
              </div>
              <div
                class="delete-movie-form-actions-container"
              >
                <a
                  class="app-button"
                  data-testid="delete-movie-confirm-button"
                >
                  CONFIRM
                </a>
              </div>
            </div>
          </div>
          <div
            class="app-card"
          >
            <div
              class="image-container"
            >
              <a
                class="card-media-link"
                href="/movie/284053"
              >
                <img
                  alt="Thor: Ragnarok"
                  class="app-card-media"
                  draggable="false"
                  src="https://image.tmdb.org/t/p/w500/rzRwTcFvttcN1ZpX2xv4j3tSdJu.jpg"
                />
              </a>
              <div
                class="app-show-more-button"
                data-testid="show-more-btn"
              >
                <i
                  class="fas fa-ellipsis-v"
                />
              </div>
              <ul
                class="app-dropdown"
                data-testid="movie-card-dropdown"
              >
                <li
                  class="app-dropdown-item"
                  data-testid="dropdown-item"
                >
                  Edit
                </li>
                <li
                  class="app-dropdown-item"
                  data-testid="dropdown-item"
                >
                  Delete
                </li>
              </ul>
            </div>
            <h2
              class="title text-truncate"
            >
              Thor: Ragnarok
            </h2>
            <div
              class="description text-truncate"
            >
              Action, Adventure, Fantasy
            </div>
            <div
              class="release text-truncate"
            >
              2017
              <i
                class="rating-icon fas fa-star"
              />
              <span
                class="rating-value"
              >
                7.3/10
              </span>
            </div>
          </div>
          <div
            class="app-modal-container"
            data-testid="modal-container"
          >
            <div
              class="app-modal"
            >
              <div
                class="app-dual-ring-spinner"
              />
            </div>
          </div>
          <div
            class="app-small-modal-container"
            data-testid="movie-card-small-modal"
          >
            <div
              class="app-small-modal"
            >
              <div
                class="delete-movie-form-container"
              >
                <h5
                  class="delete-movie-form-header"
                >
                  DELETE MOVIE
                </h5>
                <i
                  class="app-close-icon fas fa-times topRight"
                  data-testid="delete-movie-form-close-icon"
                />
                <div
                  class="delete-movie-form-text"
                >
                  Are you sure you want to delete this movie?
                </div>
              </div>
              <div
                class="delete-movie-form-actions-container"
              >
                <a
                  class="app-button"
                  data-testid="delete-movie-confirm-button"
                >
                  CONFIRM
                </a>
              </div>
            </div>
          </div>
          <div
            class="app-card"
          >
            <div
              class="image-container"
            >
              <a
                class="card-media-link"
                href="/movie/1"
              >
                <img
                  alt="Beauty and the Beast"
                  class="app-card-media"
                  draggable="false"
                  src="https://image.tmdb.org/t/p/w500/tWqifoYuwLETmmasnGHO7xBjEtt.jpg"
                />
              </a>
              <div
                class="app-show-more-button"
                data-testid="show-more-btn"
              >
                <i
                  class="fas fa-ellipsis-v"
                />
              </div>
              <ul
                class="app-dropdown"
                data-testid="movie-card-dropdown"
              >
                <li
                  class="app-dropdown-item"
                  data-testid="dropdown-item"
                >
                  Edit
                </li>
                <li
                  class="app-dropdown-item"
                  data-testid="dropdown-item"
                >
                  Delete
                </li>
              </ul>
            </div>
            <h2
              class="title text-truncate"
            >
              Beauty and the Beast
            </h2>
            <div
              class="description text-truncate"
            >
              Family, Fantasy, Romance
            </div>
            <div
              class="release text-truncate"
            >
              2017
              <i
                class="rating-icon fas fa-star"
              />
              <span
                class="rating-value"
              >
                6.8/10
              </span>
            </div>
          </div>
          <div
            class="app-modal-container"
            data-testid="modal-container"
          >
            <div
              class="app-modal"
            >
              <div
                class="app-dual-ring-spinner"
              />
            </div>
          </div>
          <div
            class="app-small-modal-container"
            data-testid="movie-card-small-modal"
          >
            <div
              class="app-small-modal"
            >
              <div
                class="delete-movie-form-container"
              >
                <h5
                  class="delete-movie-form-header"
                >
                  DELETE MOVIE
                </h5>
                <i
                  class="app-close-icon fas fa-times topRight"
                  data-testid="delete-movie-form-close-icon"
                />
                <div
                  class="delete-movie-form-text"
                >
                  Are you sure you want to delete this movie?
                </div>
              </div>
              <div
                class="delete-movie-form-actions-container"
              >
                <a
                  class="app-button"
                  data-testid="delete-movie-confirm-button"
                >
                  CONFIRM
                </a>
              </div>
            </div>
          </div>
        </section>
      </div>
    </main>
  </div>
  <footer
    class="app-footer"
  >
    MovieSearchApp
  </footer>
</DocumentFragment>
`;
