// Jest Snapshot v1, https://goo.gl/fbAQLP

exports[`Search Page should render properly 1`] = `
<DocumentFragment>
  <div
    class="app-search-page content"
  >
    <header
      class="header"
    >
      <div
        class="header-container container"
      >
        <a
          href="/"
        >
          <span
            class="title"
          >
            MovieSearchApp
          </span>
        </a>
        <a
          class="app-button"
          data-testid="header-button"
        >
          ADD MOVIE
        </a>
        <div
          class="app-modal-container"
          data-testid="modal-container"
        >
          <div
            class="app-modal"
          >
            <div
              class="app-dual-ring-spinner"
            />
          </div>
        </div>
      </div>
    </header>
    <main
      class="main"
    >
      <div
        class="search-box-container container"
      >
        <div
          class="search-header"
        >
          <h1
            class="title"
          >
            FIND YOUR MOVIE
          </h1>
        </div>
        <div
          class="search-container"
        >
          <input
            autocomplete="off"
            class="app-input-box"
            placeholder="What do you want to watch?"
            type="text"
            value=""
          />
          <a
            class="app-button"
          >
            SEARCH
          </a>
        </div>
      </div>
      <div
        class="container"
      >
        <div
          class="filters-container"
          data-testid="filters-container"
        >
          <ul
            class="app-tabs"
          >
            <li
              class="app-tab active"
            >
              all
            </li>
            <li
              class="app-tab"
            >
              comedy
            </li>
            <li
              class="app-tab"
            >
              crime
            </li>
            <li
              class="app-tab"
            >
              documentary
            </li>
            <li
              class="app-tab"
            >
              horror
            </li>
          </ul>
          <div
            class="dropdown-container"
          >
            <span
              class="label"
            >
              SORT BY
            </span>
            <div
              class="dropdown-menu"
            >
              <a
                class="app-button"
                data-testid="filters-dropdown-button"
              >
                release date
              </a>
              <ul
                class="app-dropdown"
                data-testid="filters-dropdown"
              >
                <li
                  class="app-dropdown-item"
                  data-testid="dropdown-item"
                >
                  rating
                </li>
                <li
                  class="app-dropdown-item"
                  data-testid="dropdown-item"
                >
                  release date
                </li>
              </ul>
            </div>
          </div>
        </div>
        <div
          class="no-results-container"
        >
          Sorry, but nothing matched your search criteria.
        </div>
      </div>
    </main>
  </div>
  <footer
    class="app-footer"
  >
    MovieSearchApp
  </footer>
</DocumentFragment>
`;
